[2026-09-18 15:05:30] [INFO] [INFO] Info created.
[2026-09-18 15:05:26] [REBUILD] [INFO] Project rebuild successfully.
[2026-09-18 15:05:26] [BUILD] [INFO] Project build successfully.
[2026-09-18 15:05:26] [CLEAN] [SUCCESS] Project cleaned with success.
[2026-09-18 15:05:26] [CLEAN] [SUCCESS] Project cleaned with success.
[2026-09-18 15:05:17] [INFO] [INFO] Info created.
[2026-09-18 15:05:14] [RUN] [INFO] The project has started running.
[2026-09-18 15:05:10] [INFO] [INFO] Info created.
[2026-09-18 15:04:44] [INFO] [INFO] Info created.
[2026-09-18 15:01:47] [INFO] [INFO] Info created.
[2026-09-18 15:01:36] [RUN] [INFO] The project has started running.
[2026-09-18 15:01:04] [INFO] [INFO] Info created.
[2026-09-18 14:59:05] [INFO] [INFO] Info visual created.
[2026-09-18 14:58:21] [INFO] [INFO] Info visual created.
[2026-09-18 14:58:08] [INFO] [INFO] Info visual created.
[2026-09-18 14:57:35] [INFO] [INFO] Info visual created.
[2026-09-18 14:57:33] [INFO] [INFO] Info created.
[2026-09-18 14:43:10] [RUN] [INFO] The project has started running.
[2026-09-18 14:43:02] [] [ERROR] Unknown cbuild command.
[2026-09-18 14:41:42] [] [ERROR] Unknown cbuild command.
[2026-09-18 14:41:39] [RUN] [INFO] The project has started running.
[2026-09-18 14:41:32] [BUILD] [INFO] Project build successfully.
[2026-09-18 14:39:45] [Project build successfully.] [INFO] 
[2026-09-18 14:37:56] [Project build successfully.] [INFO] Project build successfully. BUILD
[2026-09-18 14:36:42] [BUILD] [INFO] BUILD
[2026-09-18 14:35:38] [REBUILD] [INFO] REBUILD
[2026-09-18 14:35:38] [BUILD] [INFO] BUILD
[2026-09-18 14:35:38] [CLEAN] [SUCCESS] CLEAN
[2026-09-18 14:35:38] [CLEAN] [SUCCESS] CLEAN
[2026-09-18 14:33:31] [] [INFO] 
[2026-09-18 14:33:30] [rebuild] [INFO] rebuild
[2026-09-18 14:33:30] [] [SUCCESS] 
[2026-09-18 14:33:30] [] [SUCCESS] 
[2026-09-18 14:33:04] [run] [INFO] run
[2026-09-18 14:32:28] [The project has started running.] [INFO] The project has started running. run
[2026-09-18 14:32:09] [Project rebuild successfully.] [INFO] Project rebuild successfully. 
[2026-09-18 14:32:09] [Project build successfully.] [INFO] Project build successfully. rebuild
[2026-09-18 14:32:09] [Project cleaned with success.] [SUCCESS] Project cleaned with success. 
[2026-09-18 14:32:09] [Project cleaned with success.] [SUCCESS] Project cleaned with success. 
[2026-09-18 14:31:58] [Info created.] [INFO] Info created. info
[2026-09-18 14:23:58] [info] [INFO] Info created.
[2026-09-18 14:23:47] [gcc] [INFO] Project rebuild successfully.
[2026-09-18 14:23:47] [gcc] [INFO] Project build successfully.
[2026-09-18 14:23:47] [rebuild] [SUCCESS] Project cleaned with success.
[2026-09-18 14:23:47] [rebuild] [SUCCESS] Project cleaned with success.
[2026-09-18 14:22:46] [info] [INFO] Info created.
[2026-09-18 14:21:04] [] [ERROR] Unknown cbuild command.
[2026-09-18 14:20:56] [gcc] [INFO] Project rebuild successfully.
[2026-09-18 14:20:56] [gcc] [INFO] Project build successfully.
[2026-09-18 14:20:56] [rebuild] [SUCCESS] Project cleaned with success.
[2026-09-18 14:20:56] [rebuild] [SUCCESS] Project cleaned with success.
[2026-09-18 14:20:53] [gcc] [INFO] Project rebuild successfully.
[2026-09-18 14:20:53] [gcc] [INFO] Project build successfully.
[2026-09-18 14:20:53] [rebuild] [SUCCESS] Project cleaned with success.
[2026-09-18 14:20:53] [rebuild] [SUCCESS] Project cleaned with success.
[2026-09-18 14:20:42] [run] [INFO] The project has started running.
[2026-09-18 14:19:54] [gcc] [INFO] Project rebuild successfully.
[2026-09-18 14:19:54] [gcc] [INFO] Project build successfully.
[2026-09-18 14:19:54] [rebuild] [SUCCESS] Project cleaned with success.
[2026-09-18 14:19:54] [rebuild] [SUCCESS] Project cleaned with success.
[2026-09-18 14:14:21] [build] [INFO] Project rebuild successfully.
[2026-09-18 14:14:21] [BUILD] Project build successfully.
[2026-09-18 14:14:21] [SUCCESS] Project cleaned with success.
[2026-09-18 14:14:21] [SUCCESS] Project cleaned with success.
[2026-09-18 14:14:16] [BUILD] Project build successfully.
[2026-09-18 14:14:13] [INFO] The project has started running.
[2026-09-18 14:12:02] [ERROR] Unknown cbuild command.
[2026-09-18 14:07:07] [INFO] Project build successfully.
[2026-09-18 14:04:43] [INFO] Project build successfully.
[2026-09-18 13:48:36] [INFO] Project build successfully
[2026-09-18 13:48:30] [INFO] Project build successfully
